// Vitest Snapshot v1, https://vitest.dev/guide/snapshot.html

exports[`Target menu component > renders target box and targets when visible 1`] = `
<div>
  <div
    class="_fadeIn_5890fc _menuWrapper_845c23"
    style="left: 0px; top: 0px; display: block;"
  >
    <div
      class="_menu_845c23"
    >
      <div
        class="_targetBox_845c23"
      />
      <ul
        class="_optionWrapper_845c23"
      >
        <li>
          <button
            class="_menuOption_845c23 _primaryButton_5890fc"
          >
            Floppy-Eared Usagi
          </button>
        </li>
        <li>
          <button
            class="_menuOption_845c23 _primaryButton_5890fc"
          >
            Satapanbin Shisa
          </button>
        </li>
      </ul>
    </div>
  </div>
</div>
`;
