// Vitest Snapshot v1, https://vitest.dev/guide/snapshot.html

exports[`Targets Gallery component > renders targets with images and names 1`] = `
<div>
  <section
    class="_targetSection_c5ad1c"
  >
    <ul
      class="_horizontalWrapper_5890fc"
    >
      <li
        class="_target_c5ad1c"
      >
        <img
          alt="Floppy-Eared Usagi"
          class="_targetImage_c5ad1c false"
          src="/src/assets/temp/usagi.jpg"
        />
        <h4
          class=""
        >
          Floppy-Eared Usagi
        </h4>
      </li>
      <li
        class="_target_c5ad1c"
      >
        <img
          alt="Satapanbin Shisa"
          class="_targetImage_c5ad1c false"
          src="/src/assets/temp/shisa.jpg"
        />
        <h4
          class=""
        >
          Satapanbin Shisa
        </h4>
      </li>
      <li
        class="_target_c5ad1c"
      >
        <img
          alt="Guitar Hachiware"
          class="_targetImage_c5ad1c false"
          src="/src/assets/temp/hachiware.jpg"
        />
        <h4
          class=""
        >
          Guitar Hachiware
        </h4>
      </li>
      <li
        class="_target_c5ad1c"
      >
        <img
          alt="Aura Chiikawa"
          class="_targetImage_c5ad1c false"
          src="/src/assets/temp/chiikawa.jpg"
        />
        <h4
          class=""
        >
          Aura Chiikawa
        </h4>
      </li>
    </ul>
  </section>
</div>
`;
