// Vitest Snapshot v1, https://vitest.dev/guide/snapshot.html

exports[`Header component > renders title, header element, and children elements 1`] = `
<div>
  <header
    class="_header_63c2ea"
  >
    <div
      class="_iconWrapper_5d4a96"
    >
      <img
        alt="Chiikawa character icon"
        src="/src/assets/characterIcons/kurimanju-icon.png"
        style="height: 38px; width: 38px; margin-right: 3px;"
      />
      <a
        data-discover="true"
        href="/"
      >
        <button
          class="_headerButton_63c2ea _button_5890fc"
        >
          <h1
            class="_title_63c2ea"
          >
            I Spy Chiikawa!
          </h1>
        </button>
      </a>
      <img
        alt="Chiikawa character icon"
        src="/src/assets/characterIcons/momonga-icon.png"
        style="height: 38px; width: 38px; margin-left: 3px;"
      />
    </div>
    <nav>
      <button>
        I am a child!
      </button>
    </nav>
  </header>
</div>
`;
